// Jest Snapshot v1, https://goo.gl/fbAQLP

exports[`AvatarGrid Renders 1`] = `
<ul
  className="avatar-grid"
>
  <li
    className="avatar-grid__option"
    key="NoHair"
  >
    <Link
      onClick={[Function]}
      to="/edit-profile"
    >
      <AvatarComponent
        accessoriesType="Blank"
        avatarStyle="Transparent"
        clotheColor="Blue03"
        clotheType="BlazerShirt"
        eyeType="Default"
        eyebrowType="Default"
        facialHairColor="BrownDark"
        facialHairType="Blank"
        hairColor="BrownDark"
        mouthType="Twinkle"
        skinColor="Light"
        style={
          Object {
            "height": "100%",
            "width": "100%",
          }
        }
        topType="NoHair"
      />
    </Link>
  </li>
  <li
    className="avatar-grid__option"
    key="Eyepatch"
  >
    <Link
      onClick={[Function]}
      to="/edit-profile"
    >
      <AvatarComponent
        accessoriesType="Blank"
        avatarStyle="Transparent"
        clotheColor="Blue03"
        clotheType="BlazerShirt"
        eyeType="Default"
        eyebrowType="Default"
        facialHairColor="BrownDark"
        facialHairType="Blank"
        hairColor="BrownDark"
        mouthType="Twinkle"
        skinColor="Light"
        style={
          Object {
            "height": "100%",
            "width": "100%",
          }
        }
        topType="Eyepatch"
      />
    </Link>
  </li>
  <li
    className="avatar-grid__option"
    key="Hat"
  >
    <Link
      onClick={[Function]}
      to="/edit-profile"
    >
      <AvatarComponent
        accessoriesType="Blank"
        avatarStyle="Transparent"
        clotheColor="Blue03"
        clotheType="BlazerShirt"
        eyeType="Default"
        eyebrowType="Default"
        facialHairColor="BrownDark"
        facialHairType="Blank"
        hairColor="BrownDark"
        mouthType="Twinkle"
        skinColor="Light"
        style={
          Object {
            "height": "100%",
            "width": "100%",
          }
        }
        topType="Hat"
      />
    </Link>
  </li>
  <li
    className="avatar-grid__option"
    key="Hijab"
  >
    <Link
      onClick={[Function]}
      to="/edit-profile"
    >
      <AvatarComponent
        accessoriesType="Blank"
        avatarStyle="Transparent"
        clotheColor="Blue03"
        clotheType="BlazerShirt"
        eyeType="Default"
        eyebrowType="Default"
        facialHairColor="BrownDark"
        facialHairType="Blank"
        hairColor="BrownDark"
        mouthType="Twinkle"
        skinColor="Light"
        style={
          Object {
            "height": "100%",
            "width": "100%",
          }
        }
        topType="Hijab"
      />
    </Link>
  </li>
  <li
    className="avatar-grid__option"
    key="Turban"
  >
    <Link
      onClick={[Function]}
      to="/edit-profile"
    >
      <AvatarComponent
        accessoriesType="Blank"
        avatarStyle="Transparent"
        clotheColor="Blue03"
        clotheType="BlazerShirt"
        eyeType="Default"
        eyebrowType="Default"
        facialHairColor="BrownDark"
        facialHairType="Blank"
        hairColor="BrownDark"
        mouthType="Twinkle"
        skinColor="Light"
        style={
          Object {
            "height": "100%",
            "width": "100%",
          }
        }
        topType="Turban"
      />
    </Link>
  </li>
  <li
    className="avatar-grid__option"
    key="WinterHat1"
  >
    <Link
      onClick={[Function]}
      to="/edit-profile"
    >
      <AvatarComponent
        accessoriesType="Blank"
        avatarStyle="Transparent"
        clotheColor="Blue03"
        clotheType="BlazerShirt"
        eyeType="Default"
        eyebrowType="Default"
        facialHairColor="BrownDark"
        facialHairType="Blank"
        hairColor="BrownDark"
        mouthType="Twinkle"
        skinColor="Light"
        style={
          Object {
            "height": "100%",
            "width": "100%",
          }
        }
        topType="WinterHat1"
      />
    </Link>
  </li>
  <li
    className="avatar-grid__option"
    key="WinterHat2"
  >
    <Link
      onClick={[Function]}
      to="/edit-profile"
    >
      <AvatarComponent
        accessoriesType="Blank"
        avatarStyle="Transparent"
        clotheColor="Blue03"
        clotheType="BlazerShirt"
        eyeType="Default"
        eyebrowType="Default"
        facialHairColor="BrownDark"
        facialHairType="Blank"
        hairColor="BrownDark"
        mouthType="Twinkle"
        skinColor="Light"
        style={
          Object {
            "height": "100%",
            "width": "100%",
          }
        }
        topType="WinterHat2"
      />
    </Link>
  </li>
  <li
    className="avatar-grid__option"
    key="WinterHat3"
  >
    <Link
      onClick={[Function]}
      to="/edit-profile"
    >
      <AvatarComponent
        accessoriesType="Blank"
        avatarStyle="Transparent"
        clotheColor="Blue03"
        clotheType="BlazerShirt"
        eyeType="Default"
        eyebrowType="Default"
        facialHairColor="BrownDark"
        facialHairType="Blank"
        hairColor="BrownDark"
        mouthType="Twinkle"
        skinColor="Light"
        style={
          Object {
            "height": "100%",
            "width": "100%",
          }
        }
        topType="WinterHat3"
      />
    </Link>
  </li>
  <li
    className="avatar-grid__option"
    key="WinterHat4"
  >
    <Link
      onClick={[Function]}
      to="/edit-profile"
    >
      <AvatarComponent
        accessoriesType="Blank"
        avatarStyle="Transparent"
        clotheColor="Blue03"
        clotheType="BlazerShirt"
        eyeType="Default"
        eyebrowType="Default"
        facialHairColor="BrownDark"
        facialHairType="Blank"
        hairColor="BrownDark"
        mouthType="Twinkle"
        skinColor="Light"
        style={
          Object {
            "height": "100%",
            "width": "100%",
          }
        }
        topType="WinterHat4"
      />
    </Link>
  </li>
  <li
    className="avatar-grid__option"
    key="LongHairBigHair"
  >
    <Link
      onClick={[Function]}
      to="/edit-profile"
    >
      <AvatarComponent
        accessoriesType="Blank"
        avatarStyle="Transparent"
        clotheColor="Blue03"
        clotheType="BlazerShirt"
        eyeType="Default"
        eyebrowType="Default"
        facialHairColor="BrownDark"
        facialHairType="Blank"
        hairColor="BrownDark"
        mouthType="Twinkle"
        skinColor="Light"
        style={
          Object {
            "height": "100%",
            "width": "100%",
          }
        }
        topType="LongHairBigHair"
      />
    </Link>
  </li>
  <li
    className="avatar-grid__option"
    key="LongHairBob"
  >
    <Link
      onClick={[Function]}
      to="/edit-profile"
    >
      <AvatarComponent
        accessoriesType="Blank"
        avatarStyle="Transparent"
        clotheColor="Blue03"
        clotheType="BlazerShirt"
        eyeType="Default"
        eyebrowType="Default"
        facialHairColor="BrownDark"
        facialHairType="Blank"
        hairColor="BrownDark"
        mouthType="Twinkle"
        skinColor="Light"
        style={
          Object {
            "height": "100%",
            "width": "100%",
          }
        }
        topType="LongHairBob"
      />
    </Link>
  </li>
  <li
    className="avatar-grid__option"
    key="LongHairBun"
  >
    <Link
      onClick={[Function]}
      to="/edit-profile"
    >
      <AvatarComponent
        accessoriesType="Blank"
        avatarStyle="Transparent"
        clotheColor="Blue03"
        clotheType="BlazerShirt"
        eyeType="Default"
        eyebrowType="Default"
        facialHairColor="BrownDark"
        facialHairType="Blank"
        hairColor="BrownDark"
        mouthType="Twinkle"
        skinColor="Light"
        style={
          Object {
            "height": "100%",
            "width": "100%",
          }
        }
        topType="LongHairBun"
      />
    </Link>
  </li>
  <li
    className="avatar-grid__option"
    key="LongHairCurly"
  >
    <Link
      onClick={[Function]}
      to="/edit-profile"
    >
      <AvatarComponent
        accessoriesType="Blank"
        avatarStyle="Transparent"
        clotheColor="Blue03"
        clotheType="BlazerShirt"
        eyeType="Default"
        eyebrowType="Default"
        facialHairColor="BrownDark"
        facialHairType="Blank"
        hairColor="BrownDark"
        mouthType="Twinkle"
        skinColor="Light"
        style={
          Object {
            "height": "100%",
            "width": "100%",
          }
        }
        topType="LongHairCurly"
      />
    </Link>
  </li>
  <li
    className="avatar-grid__option"
    key="LongHairCurvy"
  >
    <Link
      onClick={[Function]}
      to="/edit-profile"
    >
      <AvatarComponent
        accessoriesType="Blank"
        avatarStyle="Transparent"
        clotheColor="Blue03"
        clotheType="BlazerShirt"
        eyeType="Default"
        eyebrowType="Default"
        facialHairColor="BrownDark"
        facialHairType="Blank"
        hairColor="BrownDark"
        mouthType="Twinkle"
        skinColor="Light"
        style={
          Object {
            "height": "100%",
            "width": "100%",
          }
        }
        topType="LongHairCurvy"
      />
    </Link>
  </li>
  <li
    className="avatar-grid__option"
    key="LongHairDreads"
  >
    <Link
      onClick={[Function]}
      to="/edit-profile"
    >
      <AvatarComponent
        accessoriesType="Blank"
        avatarStyle="Transparent"
        clotheColor="Blue03"
        clotheType="BlazerShirt"
        eyeType="Default"
        eyebrowType="Default"
        facialHairColor="BrownDark"
        facialHairType="Blank"
        hairColor="BrownDark"
        mouthType="Twinkle"
        skinColor="Light"
        style={
          Object {
            "height": "100%",
            "width": "100%",
          }
        }
        topType="LongHairDreads"
      />
    </Link>
  </li>
  <li
    className="avatar-grid__option"
    key="LongHairFrida"
  >
    <Link
      onClick={[Function]}
      to="/edit-profile"
    >
      <AvatarComponent
        accessoriesType="Blank"
        avatarStyle="Transparent"
        clotheColor="Blue03"
        clotheType="BlazerShirt"
        eyeType="Default"
        eyebrowType="Default"
        facialHairColor="BrownDark"
        facialHairType="Blank"
        hairColor="BrownDark"
        mouthType="Twinkle"
        skinColor="Light"
        style={
          Object {
            "height": "100%",
            "width": "100%",
          }
        }
        topType="LongHairFrida"
      />
    </Link>
  </li>
  <li
    className="avatar-grid__option"
    key="LongHairFro"
  >
    <Link
      onClick={[Function]}
      to="/edit-profile"
    >
      <AvatarComponent
        accessoriesType="Blank"
        avatarStyle="Transparent"
        clotheColor="Blue03"
        clotheType="BlazerShirt"
        eyeType="Default"
        eyebrowType="Default"
        facialHairColor="BrownDark"
        facialHairType="Blank"
        hairColor="BrownDark"
        mouthType="Twinkle"
        skinColor="Light"
        style={
          Object {
            "height": "100%",
            "width": "100%",
          }
        }
        topType="LongHairFro"
      />
    </Link>
  </li>
  <li
    className="avatar-grid__option"
    key="LongHairFroBand"
  >
    <Link
      onClick={[Function]}
      to="/edit-profile"
    >
      <AvatarComponent
        accessoriesType="Blank"
        avatarStyle="Transparent"
        clotheColor="Blue03"
        clotheType="BlazerShirt"
        eyeType="Default"
        eyebrowType="Default"
        facialHairColor="BrownDark"
        facialHairType="Blank"
        hairColor="BrownDark"
        mouthType="Twinkle"
        skinColor="Light"
        style={
          Object {
            "height": "100%",
            "width": "100%",
          }
        }
        topType="LongHairFroBand"
      />
    </Link>
  </li>
  <li
    className="avatar-grid__option"
    key="LongHairNotTooLong"
  >
    <Link
      onClick={[Function]}
      to="/edit-profile"
    >
      <AvatarComponent
        accessoriesType="Blank"
        avatarStyle="Transparent"
        clotheColor="Blue03"
        clotheType="BlazerShirt"
        eyeType="Default"
        eyebrowType="Default"
        facialHairColor="BrownDark"
        facialHairType="Blank"
        hairColor="BrownDark"
        mouthType="Twinkle"
        skinColor="Light"
        style={
          Object {
            "height": "100%",
            "width": "100%",
          }
        }
        topType="LongHairNotTooLong"
      />
    </Link>
  </li>
  <li
    className="avatar-grid__option"
    key="LongHairShavedSides"
  >
    <Link
      onClick={[Function]}
      to="/edit-profile"
    >
      <AvatarComponent
        accessoriesType="Blank"
        avatarStyle="Transparent"
        clotheColor="Blue03"
        clotheType="BlazerShirt"
        eyeType="Default"
        eyebrowType="Default"
        facialHairColor="BrownDark"
        facialHairType="Blank"
        hairColor="BrownDark"
        mouthType="Twinkle"
        skinColor="Light"
        style={
          Object {
            "height": "100%",
            "width": "100%",
          }
        }
        topType="LongHairShavedSides"
      />
    </Link>
  </li>
  <li
    className="avatar-grid__option"
    key="LongHairMiaWallace"
  >
    <Link
      onClick={[Function]}
      to="/edit-profile"
    >
      <AvatarComponent
        accessoriesType="Blank"
        avatarStyle="Transparent"
        clotheColor="Blue03"
        clotheType="BlazerShirt"
        eyeType="Default"
        eyebrowType="Default"
        facialHairColor="BrownDark"
        facialHairType="Blank"
        hairColor="BrownDark"
        mouthType="Twinkle"
        skinColor="Light"
        style={
          Object {
            "height": "100%",
            "width": "100%",
          }
        }
        topType="LongHairMiaWallace"
      />
    </Link>
  </li>
  <li
    className="avatar-grid__option"
    key="LongHairStraight"
  >
    <Link
      onClick={[Function]}
      to="/edit-profile"
    >
      <AvatarComponent
        accessoriesType="Blank"
        avatarStyle="Transparent"
        clotheColor="Blue03"
        clotheType="BlazerShirt"
        eyeType="Default"
        eyebrowType="Default"
        facialHairColor="BrownDark"
        facialHairType="Blank"
        hairColor="BrownDark"
        mouthType="Twinkle"
        skinColor="Light"
        style={
          Object {
            "height": "100%",
            "width": "100%",
          }
        }
        topType="LongHairStraight"
      />
    </Link>
  </li>
  <li
    className="avatar-grid__option"
    key="LongHairStraight2"
  >
    <Link
      onClick={[Function]}
      to="/edit-profile"
    >
      <AvatarComponent
        accessoriesType="Blank"
        avatarStyle="Transparent"
        clotheColor="Blue03"
        clotheType="BlazerShirt"
        eyeType="Default"
        eyebrowType="Default"
        facialHairColor="BrownDark"
        facialHairType="Blank"
        hairColor="BrownDark"
        mouthType="Twinkle"
        skinColor="Light"
        style={
          Object {
            "height": "100%",
            "width": "100%",
          }
        }
        topType="LongHairStraight2"
      />
    </Link>
  </li>
  <li
    className="avatar-grid__option"
    key="LongHairStraightStrand"
  >
    <Link
      onClick={[Function]}
      to="/edit-profile"
    >
      <AvatarComponent
        accessoriesType="Blank"
        avatarStyle="Transparent"
        clotheColor="Blue03"
        clotheType="BlazerShirt"
        eyeType="Default"
        eyebrowType="Default"
        facialHairColor="BrownDark"
        facialHairType="Blank"
        hairColor="BrownDark"
        mouthType="Twinkle"
        skinColor="Light"
        style={
          Object {
            "height": "100%",
            "width": "100%",
          }
        }
        topType="LongHairStraightStrand"
      />
    </Link>
  </li>
  <li
    className="avatar-grid__option"
    key="ShortHairDreads01"
  >
    <Link
      onClick={[Function]}
      to="/edit-profile"
    >
      <AvatarComponent
        accessoriesType="Blank"
        avatarStyle="Transparent"
        clotheColor="Blue03"
        clotheType="BlazerShirt"
        eyeType="Default"
        eyebrowType="Default"
        facialHairColor="BrownDark"
        facialHairType="Blank"
        hairColor="BrownDark"
        mouthType="Twinkle"
        skinColor="Light"
        style={
          Object {
            "height": "100%",
            "width": "100%",
          }
        }
        topType="ShortHairDreads01"
      />
    </Link>
  </li>
  <li
    className="avatar-grid__option"
    key="ShortHairDreads02"
  >
    <Link
      onClick={[Function]}
      to="/edit-profile"
    >
      <AvatarComponent
        accessoriesType="Blank"
        avatarStyle="Transparent"
        clotheColor="Blue03"
        clotheType="BlazerShirt"
        eyeType="Default"
        eyebrowType="Default"
        facialHairColor="BrownDark"
        facialHairType="Blank"
        hairColor="BrownDark"
        mouthType="Twinkle"
        skinColor="Light"
        style={
          Object {
            "height": "100%",
            "width": "100%",
          }
        }
        topType="ShortHairDreads02"
      />
    </Link>
  </li>
  <li
    className="avatar-grid__option"
    key="ShortHairFrizzle"
  >
    <Link
      onClick={[Function]}
      to="/edit-profile"
    >
      <AvatarComponent
        accessoriesType="Blank"
        avatarStyle="Transparent"
        clotheColor="Blue03"
        clotheType="BlazerShirt"
        eyeType="Default"
        eyebrowType="Default"
        facialHairColor="BrownDark"
        facialHairType="Blank"
        hairColor="BrownDark"
        mouthType="Twinkle"
        skinColor="Light"
        style={
          Object {
            "height": "100%",
            "width": "100%",
          }
        }
        topType="ShortHairFrizzle"
      />
    </Link>
  </li>
  <li
    className="avatar-grid__option"
    key="ShortHairShaggyMullet"
  >
    <Link
      onClick={[Function]}
      to="/edit-profile"
    >
      <AvatarComponent
        accessoriesType="Blank"
        avatarStyle="Transparent"
        clotheColor="Blue03"
        clotheType="BlazerShirt"
        eyeType="Default"
        eyebrowType="Default"
        facialHairColor="BrownDark"
        facialHairType="Blank"
        hairColor="BrownDark"
        mouthType="Twinkle"
        skinColor="Light"
        style={
          Object {
            "height": "100%",
            "width": "100%",
          }
        }
        topType="ShortHairShaggyMullet"
      />
    </Link>
  </li>
  <li
    className="avatar-grid__option"
    key="ShortHairShortCurly"
  >
    <Link
      onClick={[Function]}
      to="/edit-profile"
    >
      <AvatarComponent
        accessoriesType="Blank"
        avatarStyle="Transparent"
        clotheColor="Blue03"
        clotheType="BlazerShirt"
        eyeType="Default"
        eyebrowType="Default"
        facialHairColor="BrownDark"
        facialHairType="Blank"
        hairColor="BrownDark"
        mouthType="Twinkle"
        skinColor="Light"
        style={
          Object {
            "height": "100%",
            "width": "100%",
          }
        }
        topType="ShortHairShortCurly"
      />
    </Link>
  </li>
  <li
    className="avatar-grid__option"
    key="ShortHairShortFlat"
  >
    <Link
      onClick={[Function]}
      to="/edit-profile"
    >
      <AvatarComponent
        accessoriesType="Blank"
        avatarStyle="Transparent"
        clotheColor="Blue03"
        clotheType="BlazerShirt"
        eyeType="Default"
        eyebrowType="Default"
        facialHairColor="BrownDark"
        facialHairType="Blank"
        hairColor="BrownDark"
        mouthType="Twinkle"
        skinColor="Light"
        style={
          Object {
            "height": "100%",
            "width": "100%",
          }
        }
        topType="ShortHairShortFlat"
      />
    </Link>
  </li>
  <li
    className="avatar-grid__option"
    key="ShortHairShortRound"
  >
    <Link
      onClick={[Function]}
      to="/edit-profile"
    >
      <AvatarComponent
        accessoriesType="Blank"
        avatarStyle="Transparent"
        clotheColor="Blue03"
        clotheType="BlazerShirt"
        eyeType="Default"
        eyebrowType="Default"
        facialHairColor="BrownDark"
        facialHairType="Blank"
        hairColor="BrownDark"
        mouthType="Twinkle"
        skinColor="Light"
        style={
          Object {
            "height": "100%",
            "width": "100%",
          }
        }
        topType="ShortHairShortRound"
      />
    </Link>
  </li>
  <li
    className="avatar-grid__option"
    key="ShortHairShortWaved"
  >
    <Link
      onClick={[Function]}
      to="/edit-profile"
    >
      <AvatarComponent
        accessoriesType="Blank"
        avatarStyle="Transparent"
        clotheColor="Blue03"
        clotheType="BlazerShirt"
        eyeType="Default"
        eyebrowType="Default"
        facialHairColor="BrownDark"
        facialHairType="Blank"
        hairColor="BrownDark"
        mouthType="Twinkle"
        skinColor="Light"
        style={
          Object {
            "height": "100%",
            "width": "100%",
          }
        }
        topType="ShortHairShortWaved"
      />
    </Link>
  </li>
  <li
    className="avatar-grid__option"
    key="ShortHairSides"
  >
    <Link
      onClick={[Function]}
      to="/edit-profile"
    >
      <AvatarComponent
        accessoriesType="Blank"
        avatarStyle="Transparent"
        clotheColor="Blue03"
        clotheType="BlazerShirt"
        eyeType="Default"
        eyebrowType="Default"
        facialHairColor="BrownDark"
        facialHairType="Blank"
        hairColor="BrownDark"
        mouthType="Twinkle"
        skinColor="Light"
        style={
          Object {
            "height": "100%",
            "width": "100%",
          }
        }
        topType="ShortHairSides"
      />
    </Link>
  </li>
  <li
    className="avatar-grid__option"
    key="ShortHairTheCaesar"
  >
    <Link
      onClick={[Function]}
      to="/edit-profile"
    >
      <AvatarComponent
        accessoriesType="Blank"
        avatarStyle="Transparent"
        clotheColor="Blue03"
        clotheType="BlazerShirt"
        eyeType="Default"
        eyebrowType="Default"
        facialHairColor="BrownDark"
        facialHairType="Blank"
        hairColor="BrownDark"
        mouthType="Twinkle"
        skinColor="Light"
        style={
          Object {
            "height": "100%",
            "width": "100%",
          }
        }
        topType="ShortHairTheCaesar"
      />
    </Link>
  </li>
  <li
    className="avatar-grid__option"
    key="ShortHairTheCaesarSidePart"
  >
    <Link
      onClick={[Function]}
      to="/edit-profile"
    >
      <AvatarComponent
        accessoriesType="Blank"
        avatarStyle="Transparent"
        clotheColor="Blue03"
        clotheType="BlazerShirt"
        eyeType="Default"
        eyebrowType="Default"
        facialHairColor="BrownDark"
        facialHairType="Blank"
        hairColor="BrownDark"
        mouthType="Twinkle"
        skinColor="Light"
        style={
          Object {
            "height": "100%",
            "width": "100%",
          }
        }
        topType="ShortHairTheCaesarSidePart"
      />
    </Link>
  </li>
</ul>
`;
