// Jest Snapshot v1, https://goo.gl/fbAQLP

exports[`EditAvatarProperty Renders 1`] = `
<div>
  <Button
    disabled={false}
    onClick={null}
    to="/edit-profile"
    type="button"
    variant="secondary"
  >
    Back
  </Button>
  <AvatarGrid
    avatar={
      Object {
        "accessoriesType": "Blank",
        "avatarStyle": "Transparent",
        "clotheColor": "Blue03",
        "clotheType": "BlazerShirt",
        "eyeType": "Default",
        "eyebrowType": "Default",
        "facialHairColor": "BrownDark",
        "facialHairType": "Blank",
        "hairColor": "BrownDark",
        "mouthType": "Twinkle",
        "skinColor": "Light",
        "topType": "LongHairStraight",
      }
    }
    editing="topType"
    onSelect={[Function]}
  />
  <Button
    disabled={false}
    onClick={null}
    to="/edit-profile"
    type="button"
    variant="secondary"
  >
    Back
  </Button>
</div>
`;
