// Jest Snapshot v1, https://goo.gl/fbAQLP

exports[`LoginForm Renders 1`] = `
<div
  className="login"
>
  <div
    className="login__widget"
  >
    <h1
      className="login__title"
    >
      Chore Wars
    </h1>
    <p>
      Please enter your email and password to log in
    </p>
    <form
      className="form form--contained"
      onSubmit={[Function]}
    >
      <InputWithLabel
        id="email"
        labelText="Email"
        labelVariant="small"
        onChange={[Function]}
        placeholder="Email"
        type="email"
        value=""
      />
      <InputWithLabel
        id="password"
        labelText="Password"
        labelVariant="small"
        onChange={[Function]}
        placeholder="Password"
        type="password"
        value=""
      />
      <Button
        disabled={false}
        onClick={null}
        to={null}
        type="submit"
        variant={null}
      >
        Login
      </Button>
    </form>
    <p
      className="login__link"
    >
      <Link
        to="/sign-up"
      >
        Create an account
      </Link>
    </p>
  </div>
</div>
`;
