// Jest Snapshot v1, https://goo.gl/fbAQLP

exports[`Loading Renders 1`] = `
<div
  className="loading"
>
  <div
    className="loading__logo"
  >
    <div
      className="loading__image-wrapper"
    >
      <img
        alt=""
        className="loading__image loading__image--1"
        src="loading1.png"
      />
      <img
        alt=""
        className="loading__image loading__image--2"
        src="loading2.png"
      />
    </div>
    <h1
      className="loading__text"
    >
      Loading
    </h1>
  </div>
</div>
`;
