// Jest Snapshot v1, https://goo.gl/fbAQLP

exports[`Actions Renders 1`] = `
<div
  className="actions"
>
  <button
    className="actions__toggle-button"
    onClick={[Function]}
    type="button"
  >
    Toggle menu
  </button>
  <div
    className="actions__actions"
  >
    <Button
      disabled={false}
      onClick={null}
      to="/chores/new"
      type="button"
      variant={null}
    >
      Add a chore
    </Button>
    <Button
      disabled={false}
      id="actions-create-chain"
      onClick={null}
      to="/chain/new"
      type="button"
      variant={null}
    >
      Create a chain
    </Button>
    <Button
      disabled={false}
      onClick={[MockFunction]}
      to={null}
      type="button"
      variant="secondary"
    >
      Undo
    </Button>
    <Button
      disabled={false}
      onClick={null}
      to="/edit-profile"
      type="button"
      variant="tertiary"
    >
      My Profile
    </Button>
  </div>
</div>
`;
